main.c:59:6:display7SEG	16	static
main.c:107:6:update7SEG	16	static
main.c:142:6:updateClockBuffer	16	static
main.c:152:6:setTimer0	16	static
main.c:156:6:timer_run	16	static
main.c:164:6:clearMatrix	8	static
main.c:174:6:displayMatrix	16	static
main.c:187:6:updateLEDMatrix	16	static
main.c:233:5:main	40	static
main.c:318:6:SystemClock_Config	72	static
main.c:354:13:MX_TIM2_Init	32	static
main.c:399:13:MX_GPIO_Init	32	static
main.c:449:6:HAL_TIM_PeriodElapsedCallback	16	static
main.c:458:6:Error_Handler	4	static,ignoring_inline_asm
